// Vitest Snapshot v1, https://vitest.dev/guide/snapshot.html

exports[`h > render array children 1`] = `
[
  "div",
  {},
  [
    "span",
    {},
    "foo",
  ],
]
`;

exports[`h > render normal children 1`] = `
[
  "div",
  {},
  [
    "span",
    {},
    "foo",
  ],
]
`;

exports[`h > render with null children 1`] = `
[
  "div",
  {},
  [
    "span",
    {},
    "foo",
  ],
]
`;
